// Jest Snapshot v1, https://goo.gl/fbAQLP

exports[`Homebrewdog matches a snapshot 1`] = `
<main
  className="ProjectTemplate Homebrewdog"
>
  <section
    id="project-detail"
  >
    <h1>
      Homebrewdog
    </h1>
    <article>
      RESTful web app utilizing the Brewdog Brewery API with VueJS for
    the front-end, PostgreSQL + Express on the back-end, and deployed
    to Heroku.
    </article>
    <a
      href="https://homebrewdog.herokuapp.com"
      rel="noopener noreferrer"
      target="_blank"
    >
      https://homebrewdog.herokuapp.com
    </a>
    <a
      href="https://github.com/team-thermometer"
      rel="noopener noreferrer"
      target="_blank"
    >
      <img
        alt="github"
        className="github"
        src=""
      />
    </a>
    <p>
      Featuring a pop-up search modal, allowing you to search for beers by key word:
    </p>
    <img
      height="auto"
      src="data:image/svg+xml;charset=utf-8,%3Csvg xmlns%3D'http%3A%2F%2Fwww.w3.org%2F2000%2Fsvg' width%3D'100' height%3D'100' viewBox%3D'0 0 100 100'%2F%3E"
      style={
        Object {
          "backgroundColor": "transparent",
        }
      }
      width="auto"
    />
    <img
      alt="homebrewdog-pic-1"
      height="auto"
      onLoad={[Function]}
      src=""
      style={
        Object {
          "animationDuration": "0.5s",
          "animationIterationCount": 1,
          "animationName": "fadeInSlowly",
          "animationTimingFunction": "ease-in",
          "backgroundColor": "transparent",
          "display": "none",
        }
      }
      width="auto"
    />
    <p>
      Yielding a list of search results, based on your beer query:
    </p>
    <img
      height="auto"
      src="data:image/svg+xml;charset=utf-8,%3Csvg xmlns%3D'http%3A%2F%2Fwww.w3.org%2F2000%2Fsvg' width%3D'100' height%3D'100' viewBox%3D'0 0 100 100'%2F%3E"
      style={
        Object {
          "backgroundColor": "transparent",
        }
      }
      width="auto"
    />
    <img
      alt="homebrewdog-pic-2"
      height="auto"
      onLoad={[Function]}
      src=""
      style={
        Object {
          "animationDuration": "0.5s",
          "animationIterationCount": 1,
          "animationName": "fadeInSlowly",
          "animationTimingFunction": "ease-in",
          "backgroundColor": "transparent",
          "display": "none",
        }
      }
      width="auto"
    />
    <p>
      Clicking on a beer from the list directs to the beer detail, where you can rate and save the beer to your Profile:
    </p>
    <img
      height="auto"
      src="data:image/svg+xml;charset=utf-8,%3Csvg xmlns%3D'http%3A%2F%2Fwww.w3.org%2F2000%2Fsvg' width%3D'100' height%3D'100' viewBox%3D'0 0 100 100'%2F%3E"
      style={
        Object {
          "backgroundColor": "transparent",
        }
      }
      width="auto"
    />
    <img
      alt="homebrewdog-pic-3"
      height="auto"
      onLoad={[Function]}
      src=""
      style={
        Object {
          "animationDuration": "0.5s",
          "animationIterationCount": 1,
          "animationName": "fadeInSlowly",
          "animationTimingFunction": "ease-in",
          "backgroundColor": "transparent",
          "display": "none",
        }
      }
      width="auto"
    />
    <p>
      Your profile displays a list of saved beers, allowing you to post and update comments for each, and even view aggregations based on IBU and ABV:
    </p>
    <img
      height="auto"
      src="data:image/svg+xml;charset=utf-8,%3Csvg xmlns%3D'http%3A%2F%2Fwww.w3.org%2F2000%2Fsvg' width%3D'100' height%3D'100' viewBox%3D'0 0 100 100'%2F%3E"
      style={
        Object {
          "backgroundColor": "transparent",
        }
      }
      width="auto"
    />
    <img
      alt="homebrewdog-pic-4"
      height="auto"
      onLoad={[Function]}
      src=""
      style={
        Object {
          "animationDuration": "0.5s",
          "animationIterationCount": 1,
          "animationName": "fadeInSlowly",
          "animationTimingFunction": "ease-in",
          "backgroundColor": "transparent",
          "display": "none",
        }
      }
      width="auto"
    />
    <a
      href="/projects"
      onClick={[Function]}
    >
      Back
    </a>
    <br />
  </section>
</main>
`;
