// Jest Snapshot v1, https://goo.gl/fbAQLP

exports[`Home matches a snapshot 1`] = `
<main
  className="Home"
>
  <section
    className="welcomeSect"
    id="home-page"
  >
    <div
      className="imgDiv slide"
    >
      <img
        height="100"
        src="data:image/svg+xml;charset=utf-8,%3Csvg xmlns%3D'http%3A%2F%2Fwww.w3.org%2F2000%2Fsvg' width%3D'100' height%3D'100' viewBox%3D'0 0 100 100'%2F%3E"
        style={
          Object {
            "backgroundColor": "transparent",
          }
        }
        width="100"
      />
      <img
        alt="logo"
        height="100"
        onLoad={[Function]}
        src="https://d1el19mzc628gm.cloudfront.net/logo-spin.gif"
        style={
          Object {
            "animationDuration": "0.5s",
            "animationIterationCount": 1,
            "animationName": "fadeInSlowly",
            "animationTimingFunction": "ease-in",
            "backgroundColor": "transparent",
            "display": "none",
          }
        }
        width="100"
      />
    </div>
    <p
      className="highlight pWelcome1 fadeIn minFont"
    >
      Welcome! I'm Cari, a full stack developer with a career rooted in visual art, graphic design, and music.
    </p>
    <p
      className="highlight welcomeParagraphs fadeIn minFont"
    >
      I started dabbling in freelance website design and digital marketing while performing and teaching music. I later made my way up to the Pacific Northwest, working in technical support and QA testing, where I fell in love with the software development cycle and decided to take the plunge into coding.
    </p>
    <p
      className="highlight welcomeParagraphs fadeIn minFont"
    >
      In early 2019, I completed a 6 month intensive training program in Full Stack JavaScript. 
      <a
        href="https://github.com/caripizza/portfolio"
        rel="noopener noreferrer"
        target="__blank"
      >
        I made this site
      </a>
       with React, PostCSS, and Jest, and set-up CI/CD pipelines using Travis CI and Netlify. I'm a self taught multi-instrumentalist and audio engineer, fierce problem solver and collaborative team player, and I love learning new technologies.
    </p>
    <p
      className="highlight welcomeParagraphs fadeIn minFont"
    >
      I'm currently excited about TypeScript, React, and 
      <a
        href="https://github.com/caripizza/ui"
        rel="noopener noreferrer"
        target="__blank"
      >
        developing and maintaining
      </a>
       design systems and component libraries.
    </p>
  </section>
  <section
    className="half fadeIn"
  >
    <article
      className="skills"
    >
      <h2
        className="highlight"
      >
        Experience
      </h2>
      <ul
        className="spreadVertically"
      >
        <li>
          <span>
            JavaScript, TypeScript, HTML, CSS, SASS/SCSS, SQL, Python, Ruby/Rails
          </span>
        </li>
        <li>
          <span>
            DOM manipulation, UI/UX Mobile-first/Responsive design principles, A11y best practices, Atomic Design, semver
          </span>
        </li>
        <li>
          <span>
            React, Redux, Gatsby, NextJS, VueJS, Express, Angular, GraphQL, StencilJS
          </span>
        </li>
        <li>
          <span>
            SASS/SCSS, PostCSS, Styled-Components, Material UI, TailwindCSS, emotion
          </span>
        </li>
        <li>
          <span>
            Babel, Webpack, Rollup, Gulp, npm, yarn, nvm, rvm, Gemfury, unpkg
          </span>
        </li>
        <li>
          <span>
            Puppeteer, Selenium, Jasmine, Jest, Enzyme, Mocha, Chai, Protractor, Rspec, Karma, Storybook, Chromatic, Screener.io, WebdriverIO, Cypress, Browserstack, Jenkins, Postman, Auth0
          </span>
        </li>
        <li>
          <span>
            Google Cloud Platform, Firebase/Firestore/Cloud Functions/Oauth, MongoDB, Mongoose, PostgreSQL, MySQL, Heroku
          </span>
        </li>
        <li>
          <span>
            Git, GitHub/Actions, Travis CI, AWS CodeStar/CloudFormation, Netlify, EKS, Kubernetes, Docker
          </span>
        </li>
      </ul>
    </article>
    <article
      className="education"
    >
      <h2
        className="highlight"
      >
        Education
      </h2>
      <ul>
        <li
          className="detail"
        >
          <span>
            <strong>
              Advanced Software Development in Full Stack JavaScript
            </strong>
            <br />
            Alchemy Code Lab (Portland, 2018-2019)
          </span>
        </li>
        <li>
          <span>
            MERN-stack professional training in vanilla JavaScript (ES6+), DOM manipulation, RESTful APIs, Node.js apps with Express, Vue.js, PostgreSQL, React, Redux, MongoDB, Mongoose
          </span>
          <br />
        </li>
        <br />
        <li
          className="detail"
        >
          <span>
            <strong>
              Bachelor of Fine Arts
            </strong>
            <br />
            The University of Texas at Austin (2002-2006)
          </span>
        </li>
        <li>
          <span>
            Studio Art major with concentrations in Video, Drafting, Painting, and Printmaking
          </span>
        </li>
        <br />
        <li>
          <span>
            <strong>
              Courses
            </strong>
          </span>
        </li>
        <li
          className="detail"
        >
          <span>
            Intro to Website Development
            <br />
            Portland Community College (2015)
          </span>
        </li>
        <li
          className="detail"
        >
          <span>
            Seo Strategy & Training
            <br />
            The City of Austin Small Business Development Program (2013)
          </span>
        </li>
      </ul>
    </article>
  </section>
  <section
    className="languages"
  >
    <p>
      JavaScript/TypeScript
    </p>
    <p>
      HTML/CSS/SASS
    </p>
    <p>
      SQL/Python
    </p>
    <p>
      Ruby/Rails
    </p>
  </section>
</main>
`;
