// Jest Snapshot v1, https://goo.gl/fbAQLP

exports[`Home matches a snapshot 1`] = `
<main
  className="Home"
>
  <section
    className="welcomeSect"
  >
    <div
      className="imgDiv slide"
    >
      <img
        height="100"
        src="data:image/svg+xml;charset=utf-8,%3Csvg xmlns%3D'http%3A%2F%2Fwww.w3.org%2F2000%2Fsvg' width%3D'100' height%3D'100' viewBox%3D'0 0 100 100'%2F%3E"
        style={
          Object {
            "backgroundColor": "transparent",
          }
        }
        width="100"
      />
      <img
        height="100"
        onLoad={[Function]}
        src="https://thumbs.gfycat.com/OilyBonyInchworm-max-1mb.gif"
        style={
          Object {
            "animationDuration": "0.5s",
            "animationIterationCount": 1,
            "animationName": "fadeInSlowly",
            "animationTimingFunction": "ease-in",
            "backgroundColor": "transparent",
            "display": "none",
          }
        }
        width="100"
      />
    </div>
    <p
      className="highlight pWelcome1 fadeIn"
    >
      Welcome! I'm Cari, a full stack software developer, musician, and graphic designer.
    </p>
    <p
      className="highlight welcomeParagraphs fadeIn"
    >
      I started dabbling in freelance website design and digital marketing while performing and teaching music. I later made my way up to the Pacific Northwest, working in technical support and QA testing, where I fell in love with the software development cycle and decided to take the plunge into coding.
    </p>
    <p
      className="highlight welcomeParagraphs fadeIn"
    >
      In early 2019, I completed a 6 month intensive training program in Full Stack JavaScript. I made this site with React, PostCSS, and Jest, and set-up CI/CD pipelines using Travis CI and Netlify. I'm a self taught multi-instrumentalist and audio engineer, fierce problem solver and collaborative team player, and I love learning new technologies. I'm currently exploring AWS, Ruby, Rails, GraphQL and Angular.
    </p>
  </section>
  <section
    className="half fadeIn"
  >
    <article
      className="skills"
    >
      <h2
        className="highlight"
      >
        Expertise
      </h2>
      <ul>
        <li>
          <span>
            JavaScript (ES6+), DOM manipulation
          </span>
        </li>
        <li>
          <span>
            UI/UX Mobile-first/Responsive design principles
          </span>
        </li>
        <li>
          <span>
            BDD/TDD: Selenium, Jenkins, Jasmine, Jest, Enzyme, Mocha/Chai, Protractor
          </span>
        </li>
        <li>
          <span>
            Frameworks/Tools: Node.js, Express.js, Vue.js, React, Redux, jQuery, AJAX, Axios, Postman, SASS, PostCSS, Styled-Components, Material UI, Angular
          </span>
        </li>
        <li>
          <span>
            Database: Google Cloud Platform, Firebase/Firestore, Cloud Functions, MongoDB, Mongoose, PostgreSQL, MySQL
          </span>
        </li>
        <li>
          <span>
            CD/CI: Git, GitHub, Travis CI, Gitlab
          </span>
        </li>
        <li>
          <span>
            A/V + Design: ProTools, Cubase, Logic Pro, Final Cut Pro, Adobe Photoshop, Illustrator, InDesign, AfterEffects
          </span>
        </li>
        <li>
          <span>
            CDN: Squarespace, Wordpress / Ecommerce: Stripe, PayPal, American Express, Vantiv, Authorize.Net
          </span>
        </li>
        <li>
          <span>
            Admin/SEO: G Suite, Sheets, Docs, Analytics, Ads, Search Console, Facebook Analytics
          </span>
        </li>
      </ul>
    </article>
    <article
      className="education"
    >
      <h2
        className="highlight"
      >
        Education
      </h2>
      <ul>
        <li>
          <span>
            <strong>
              Advanced Software Development in Full Stack JavaScript
            </strong>
            <br />
            Alchemy Code Lab (Portland, 2018-2019)
          </span>
        </li>
        <li
          className="detail"
        >
          <span>
            MERN-stack professional training in vanilla JavaScript (ES6+), DOM manipulation, RESTful APIs, Node.js apps with Express, Vue.js, PostgreSQL, React, Redux, MongoDB, Mongoose
          </span>
          <br />
        </li>
        <li>
          <br />
          <span>
            <strong>
              Bachelor of Fine Arts
            </strong>
            <br />
            The University of Texas at Austin (2002-2006)
          </span>
        </li>
        <li
          className="detail"
        >
          <span>
            Studio Art major with concentrations in Video, Drafting, Painting, and Printmaking
          </span>
        </li>
        <br />
        <li>
          <span>
            <strong>
              Courses
            </strong>
          </span>
        </li>
        <li
          className="detail"
        >
          <span>
            Intro to Website Development
            <br />
            Portland Community College (2015)
          </span>
        </li>
        <li
          className="detail"
        >
          <span>
            Seo Strategy & Training
            <br />
            The City of Austin Small Business Development Program (2013)
          </span>
        </li>
      </ul>
    </article>
  </section>
  <section
    className="languages"
  >
    <p>
      JavaScript
    </p>
    <p>
      HTML/CSS
    </p>
    <p>
      SQL
    </p>
    <p>
      Ruby/Rails
    </p>
  </section>
</main>
`;
