// Jest Snapshot v1, https://goo.gl/fbAQLP

exports[`Header matches a snapshot 1`] = `
<header
  className="Header"
>
  <nav>
    <h1>
      CARI PALAZZOLO
    </h1>
    <ul>
      <li>
        <a
          href="/"
          onClick={[Function]}
        >
          Home
        </a>
      </li>
      <li>
        <a
          href="/projects"
          onClick={[Function]}
        >
          Projects
        </a>
      </li>
      <li>
        <a
          href="/work"
          onClick={[Function]}
        >
          Work
        </a>
      </li>
    </ul>
  </nav>
</header>
`;
