// Jest Snapshot v1, https://goo.gl/fbAQLP

exports[`Header matches a snapshot 1`] = `
<header
  className="Header"
>
  <nav>
    <h1>
      <a
        aria-current="page"
        className="active"
        href="/"
        onClick={[Function]}
        style={Object {}}
      >
        CARI PALAZZOLO
      </a>
    </h1>
    <ul>
      <li>
        <a
          aria-current="page"
          className="active"
          href="/"
          onClick={[Function]}
          style={Object {}}
        >
          Home
        </a>
      </li>
      <li>
        <a
          aria-current={null}
          href="/projects"
          onClick={[Function]}
        >
          Projects
        </a>
      </li>
      <li>
        <a
          href="https://cari.pizza"
          rel="noopener noreferrer"
          target="_blank"
        >
          Art/Music
        </a>
      </li>
    </ul>
  </nav>
</header>
`;
